// Jest Snapshot v1, https://goo.gl/fbAQLP

exports[`<Movies /> @actions should display Movies 1`] = `ShallowWrapper {}`;
