// Jest Snapshot v1, https://goo.gl/fbAQLP

exports[`<Footer /> @actions should display footer 1`] = `ShallowWrapper {}`;
