// Jest Snapshot v1, https://goo.gl/fbAQLP

exports[`store initialState 1`] = `
Object {
  "searchMovies": Object {
    "error": false,
    "favourites": Array [],
    "searchResult": Array [],
    "showLoader": false,
    "watchLater": Array [],
  },
}
`;
