// Jest Snapshot v1, https://goo.gl/fbAQLP

exports[`<Header /> @actions should display header 1`] = `ShallowWrapper {}`;
