// Jest Snapshot v1, https://goo.gl/fbAQLP

exports[`<App /> @renders as default 1`] = `ShallowWrapper {}`;
