// Jest Snapshot v1, https://goo.gl/fbAQLP

exports[`<Dashboard /> @actions should display Dashboard 1`] = `ShallowWrapper {}`;
