// Jest Snapshot v1, https://goo.gl/fbAQLP

exports[`useDashboardContainer() @returns property should return data from store 1`] = `false`;
